// Jest Snapshot v1, https://goo.gl/fbAQLP

exports[`LevelTwo, a child component to Appointment should render 4 input fields with correct titles 1`] = `
<form>
  <div>
    <LevelTwo__Title>
      Confirm Reservation
    </LevelTwo__Title>
    <LevelTwo__FormCategory>
      First Name*
      <LevelTwo__InputStyle
        id="inputFirstName"
        name="firstName"
        value="firstName"
      />
    </LevelTwo__FormCategory>
    <LevelTwo__FormCategory>
      Last Name*
      <LevelTwo__InputStyle
        id="inputLastName"
        name="lastName"
        value="lastName"
      />
    </LevelTwo__FormCategory>
    <LevelTwo__FormCategory>
      Email*
      <LevelTwo__InputStyle
        id="inputEmail"
        name="email"
        value="email"
      />
    </LevelTwo__FormCategory>
    <LevelTwo__FormCategory>
      Mobile Number*
      <LevelTwo__InputStyle
        id="inputPhone"
        name="phone"
        value="phone"
      />
    </LevelTwo__FormCategory>
    <LevelTwo__FormCategory>
      *required field
    </LevelTwo__FormCategory>
  </div>
  <LevelTwo__Summary>
    <LevelTwo__SummaryGrid
      column="1 / 5"
      id="whenSummaryKey"
      row="1"
    >
      When:
    </LevelTwo__SummaryGrid>
    <LevelTwo__SummaryGrid
      column="2 / 5"
      id="whenSummaryPropert"
      row="1"
    >
      July 26, 2018
       at 
      10:30 AM
    </LevelTwo__SummaryGrid>
    <LevelTwo__SummaryGrid
      column="1 / 5"
      id="guestCountSummaryKey"
      row="2"
    >
      Party:
    </LevelTwo__SummaryGrid>
    <LevelTwo__SummaryGrid
      column="2"
      id="guestCountSummaryProperty"
      row="2"
    >
      <div
        id="countCorrect"
      >
        1
         
        Person
      </div>
    </LevelTwo__SummaryGrid>
    <LevelTwo__SummaryGrid
      column="1 / 5"
      id="placeSummaryKey"
      row="3"
    >
      Place:
    </LevelTwo__SummaryGrid>
    <LevelTwo__SummaryGrid
      column="2 / 5"
      id="placeSummaryProperty"
      row="3 / 5"
    >
      Cakesons
      <br />
      123
      <br />
      businessCity businessState, businessZip
    </LevelTwo__SummaryGrid>
    <LevelTwo__Edit
      id="editSummary"
      role="button"
      tabIndex={0}
    >
      EDIT
    </LevelTwo__Edit>
  </LevelTwo__Summary>
  <LevelTwo__Button
    id="submitValid"
    type="submit"
  >
    Book Appointment
  </LevelTwo__Button>
</form>
`;
