// Jest Snapshot v1, https://goo.gl/fbAQLP

exports[`LevelTwo, a child component to Appointment should render 4 input fields with correct titles 1`] = `
<form>
  <div>
    <styled.h1>
      Confirm Reservation
    </styled.h1>
    <styled.div>
      First Name*
      <styled.input
        id="inputFirstName"
        name="firstName"
        value="firstName"
      />
    </styled.div>
    <styled.div>
      Last Name*
      <styled.input
        id="inputLastName"
        name="lastName"
        value="lastName"
      />
    </styled.div>
    <styled.div>
      Email*
      <styled.input
        id="inputEmail"
        name="email"
        value="email"
      />
    </styled.div>
    <styled.div>
      Mobile Number*
      <styled.input
        id="inputPhone"
        name="phone"
        value="phone"
      />
    </styled.div>
    <styled.div>
      *required field
    </styled.div>
  </div>
  <styled.div>
    <styled.div
      column="1 / 5"
      id="whenSummaryKey"
      row="1"
    >
      When:
    </styled.div>
    <styled.div
      column="2 / 5"
      id="whenSummaryPropert"
      row="1"
    >
      July 26, 2018
       at 
      10:30 AM
    </styled.div>
    <styled.div
      column="1 / 5"
      id="guestCountSummaryKey"
      row="2"
    >
      Party:
    </styled.div>
    <styled.div
      column="2"
      id="guestCountSummaryProperty"
      row="2"
    >
      <div
        id="countCorrect"
      >
        1
         
        Person
      </div>
    </styled.div>
    <styled.div
      column="1 / 5"
      id="placeSummaryKey"
      row="3"
    >
      Place:
    </styled.div>
    <styled.div
      column="2 / 5"
      id="placeSummaryProperty"
      row="3 / 5"
    >
      Cakesons
      <br />
      123
      <br />
      businessCity businessState, businessZip
    </styled.div>
    <styled.div
      id="editSummary"
      role="button"
      tabIndex={0}
    >
      EDIT
    </styled.div>
  </styled.div>
  <styled.button
    id="submitValid"
    type="submit"
  >
    Book Appointment
  </styled.button>
</form>
`;
