// Jest Snapshot v1, https://goo.gl/fbAQLP

exports[`LevelTwo, a child component to Appointment should render 4 input fields with correct titles 1`] = `
<form>
  <div>
    <div
      style={
        Object {
          "color": "#d90007",
          "fontSize": "20px",
          "fontWeight": "600",
        }
      }
    >
      Confirm Reservation
    </div>
    <div>
      <div
        style={
          Object {
            "fontSize": "12px",
            "marginTop": "10px",
            "width": "30%",
          }
        }
      >
        First Name*
      </div>
      <div
        style={
          Object {
            "width": "100%",
          }
        }
      >
        <input
          id="inputFirstName"
          name="firstName"
          style={
            Object {
              "width": "100%",
            }
          }
          value="firstName"
        />
      </div>
    </div>
    <div>
      <div
        style={
          Object {
            "fontSize": "12px",
            "marginTop": "10px",
            "width": "30%",
          }
        }
      >
        Last Name*
      </div>
      <div
        style={
          Object {
            "width": "100%",
          }
        }
      >
        <input
          id="inputLastName"
          name="lastName"
          style={
            Object {
              "width": "100%",
            }
          }
          value="lastName"
        />
      </div>
    </div>
    <div>
      <div
        style={
          Object {
            "fontSize": "12px",
            "marginTop": "10px",
            "width": "30%",
          }
        }
      >
        Email*
      </div>
      <div
        style={
          Object {
            "width": "100%",
          }
        }
      >
        <input
          id="inputEmail"
          name="email"
          style={
            Object {
              "width": "100%",
            }
          }
          value="email"
        />
      </div>
    </div>
    <div>
      <div
        style={
          Object {
            "fontSize": "12px",
            "marginTop": "10px",
            "width": "30%",
          }
        }
      >
        Mobile Number*
      </div>
      <div
        style={
          Object {
            "width": "100%",
          }
        }
      >
        <input
          id="inputPhone"
          name="phone"
          style={
            Object {
              "width": "100%",
            }
          }
          value="phone"
        />
      </div>
    </div>
    <div
      style={
        Object {
          "fontSize": "12px",
          "marginTop": "10px",
          "width": "30%",
        }
      }
    >
      *required field
    </div>
  </div>
  <div
    style={
      Object {
        "background": "lightGrey",
        "borderColor": "grey",
        "borderRadius": "5px",
        "display": "grid",
        "fontSize": "12px",
        "gridAutoRows": "minmax(40px, auto)",
        "gridTemplateColumns": "repeat(4, 1fr)",
        "marginBottom": "20px",
        "marginTop": "20px",
        "padding": "5%",
        "paddingTop": "10%",
        "width": "90%",
      }
    }
  >
    <div
      syle={
        Object {
          "gridColumn": "1 / 5",
          "gridRow": "1",
        }
      }
    >
      When:
    </div>
    <div
      style={
        Object {
          "gridColumn": "2 / 5",
          "gridRow": "1",
        }
      }
    >
      July 26, 2018
       at 
      10:30 AM
    </div>
    <div
      style={
        Object {
          "gridColumn": "1 / 5",
          "gridRow": "3",
        }
      }
    >
      Place:
    </div>
    <div
      style={
        Object {
          "gridColumn": "2 / 5",
          "gridRow": "3/5",
        }
      }
    >
      Cakesons
      <br />
      123
      <br />
      businessCity businessState, businessZip
    </div>
    <div
      syle={
        Object {
          "gridColumn": "1 / 5",
          "gridRow": "2",
        }
      }
    >
      Party:
    </div>
    <div
      id="guestCountSummary"
      style={
        Object {
          "gridColumn": "2",
          "gridRow": "2",
        }
      }
    >
      1
       
      Person
    </div>
    <div
      style={
        Object {
          "color": "#0073bb",
          "gridColumn": "1 / 5",
          "gridRow": "4",
          "paddingTop": "15px",
        }
      }
    >
      <div
        id="edit"
        role="button"
        tabIndex={0}
      >
        EDIT
      </div>
    </div>
  </div>
  <button
    style={
      Object {
        "background": "#d90007",
        "borderColor": "#8d0005",
        "borderRadius": "5px",
        "boxShadow": "0 1px 1px rgba(0,0,0,0.3)",
        "color": "white",
        "fontSize": "12px",
        "fontWeight": "600",
        "height": "34px",
        "lineHeight": "1.5em",
        "padding": "5px 8px",
        "width": "100%",
      }
    }
    type="submit"
  >
    Book Appointment
  </button>
</form>
`;
